
> insta-user-scraper@1.0.0 build
> next build

Γû▓ Next.js 16.1.6 (Turbopack)
- Environments: .env.local

  Creating an optimized production build ...
Γ£ô Compiled successfully in 3.3s
  Running TypeScript ...
node.exe : Failed to compile.
At line:1 char:1
+ & "C:\Program Files\nodejs/node.exe" 
"C:\Program Files\nodejs/node_mo ...
+ ~~~~~~~~~~~~~~~~~~~~~~~~~~~~~~~~~~~~~~~~
~~~~~~~~~~~~~~~~~~~~~~~~~~~~~
    + CategoryInfo          : NotSpecifie 
   d: (Failed to compile.:String) [], Re  
  moteException
    + FullyQualifiedErrorId : NativeComma 
   ndError
 

./scripts/backfill_from_csv.ts:116:47
Type error: 'lead.aiAnalysis' is possibly 
'undefined'.

[0m [90m 114 |[39m
 [90m 115 |[39m         [90m// 
Backfill engagementAnalysis[39m
[31m[1m>[22m[39m[90m 116 |[39m      
   [36mif[39m (record[[32m'Engagement 
Analysis'[39m] [33m&&[39m [33m![39mle
ad[33m.[39maiAnalysis[33m.[39mengageme
ntAnalysis) {
 [90m     |[39m                         
                      [31m[1m^[22m[39m
 [90m 117 |[39m             lead[33m.[
39maiAnalysis[33m.[39mengagementAnalysis
 [33m=[39m record[[32m'Engagement 
Analysis'[39m][33m;[39m
 [90m 118 |[39m             changed 
[33m=[39m [36mtrue[39m[33m;[39m
 [90m 119 |[39m         }[0m
Next.js build worker exited with code: 1 
and signal: null
